INFO 2025-01-15 18:41:28,422 autoreload 6120 18076 D:\Website\Fan-vers(React.Django)\backend\apps\editors\api\views.py changed, reloading.
INFO 2025-01-15 18:41:29,455 autoreload 9252 19736 Watching for file changes with StatReloader
INFO 2025-01-15 18:41:31,987 basehttp 9252 9872 "GET /api/catalog/books/avtorskaavtorska/volumes/ HTTP/1.1" 200 95
INFO 2025-01-15 18:41:32,308 basehttp 9252 2244 "GET /api/catalog/books/info/avtorskaavtorska/ HTTP/1.1" 200 541
INFO 2025-01-15 18:41:32,311 basehttp 9252 16664 "GET /api/navigation/bookmarks/status/14/ HTTP/1.1" 200 27
INFO 2025-01-15 18:41:32,311 basehttp 9252 9872 "GET /api/rating/avtorskaavtorska/book-ratings/ HTTP/1.1" 200 192
INFO 2025-01-15 18:41:32,330 basehttp 9252 2244 "GET /api/catalog/books/owner/avtorskaavtorska/ HTTP/1.1" 200 595
INFO 2025-01-15 18:41:32,331 basehttp 9252 8620 "GET /api/users/profile/ HTTP/1.1" 200 2178
INFO 2025-01-15 18:41:32,430 basehttp 9252 3484 "GET /api/navigation/chapters/paginated/?book_id=14&start_chapter=1 HTTP/1.1" 200 933101
INFO 2025-01-15 18:41:32,440 basehttp 9252 17012 "GET /api/catalog/books/avtorskaavtorska/chapters/ HTTP/1.1" 200 934075
INFO 2025-01-15 18:41:37,045 basehttp 9252 3484 "OPTIONS /api/editors/chapters/96/ HTTP/1.1" 200 0
INFO 2025-01-15 18:41:37,045 basehttp 9252 17012 "OPTIONS /api/editors/chapters/96/ HTTP/1.1" 200 0
INFO 2025-01-15 18:41:37,052 basehttp 9252 3484 "GET /api/editors/chapters/96/ HTTP/1.1" 200 337
INFO 2025-01-15 18:41:37,059 basehttp 9252 3484 "GET /api/editors/chapters/96/ HTTP/1.1" 200 337
INFO 2025-01-15 18:41:37,069 basehttp 9252 3484 "GET /api/catalog/books/avtorskaavtorska/volumes/ HTTP/1.1" 200 95
INFO 2025-01-15 18:41:37,075 basehttp 9252 3484 "GET /api/catalog/books/avtorskaavtorska/volumes/ HTTP/1.1" 200 95
INFO 2025-01-15 18:41:41,786 basehttp 9252 3484 "OPTIONS /api/editors/chapters/96/update/ HTTP/1.1" 200 0
INFO 2025-01-15 18:41:41,797 basehttp 9252 3484 "PUT /api/editors/chapters/96/update/ HTTP/1.1" 200 337
INFO 2025-01-15 18:41:41,830 basehttp 9252 17012 "GET /api/catalog/books/avtorskaavtorska/volumes/ HTTP/1.1" 200 95
INFO 2025-01-15 18:41:41,836 basehttp 9252 2244 "GET /api/rating/avtorskaavtorska/book-ratings/ HTTP/1.1" 200 192
INFO 2025-01-15 18:41:41,848 basehttp 9252 17012 "GET /api/catalog/books/info/avtorskaavtorska/ HTTP/1.1" 200 541
INFO 2025-01-15 18:41:41,863 basehttp 9252 3484 "GET /api/users/profile/ HTTP/1.1" 200 2178
INFO 2025-01-15 18:41:41,871 basehttp 9252 17012 "GET /api/catalog/books/owner/avtorskaavtorska/ HTTP/1.1" 200 595
INFO 2025-01-15 18:41:41,873 basehttp 9252 8620 "GET /api/navigation/bookmarks/status/14/ HTTP/1.1" 200 27
INFO 2025-01-15 18:41:41,885 basehttp 9252 9872 "GET /api/reviews/book/avtorskaavtorska/comments/ HTTP/1.1" 200 706
INFO 2025-01-15 18:41:41,917 basehttp 9252 9872 "GET /api/reviews/book/avtorskaavtorska/comments/ HTTP/1.1" 200 706
INFO 2025-01-15 18:41:41,972 basehttp 9252 16664 "GET /api/catalog/books/avtorskaavtorska/chapters/ HTTP/1.1" 200 934075
INFO 2025-01-15 18:41:41,980 basehttp 9252 2244 "GET /api/navigation/chapters/paginated/?book_id=14&start_chapter=1 HTTP/1.1" 200 933101
INFO 2025-01-15 18:41:42,135 basehttp 9252 21956 "POST /api/analytics/update/ HTTP/1.1" 200 20
INFO 2025-01-15 18:41:42,153 basehttp 9252 20008 "POST /api/analytics/update/ HTTP/1.1" 200 20
INFO 2025-01-15 18:42:01,978 basehttp 9252 2244 "OPTIONS /api/monitoring/stats/ HTTP/1.1" 200 0
INFO 2025-01-15 18:42:01,985 basehttp 9252 2244 "GET /api/monitoring/stats/ HTTP/1.1" 200 62
INFO 2025-01-15 18:42:01,991 basehttp 9252 16664 "GET /api/users/profile/ HTTP/1.1" 200 2178
INFO 2025-01-15 18:42:02,001 basehttp 9252 16664 "GET /api/users/profile/ HTTP/1.1" 200 2178
INFO 2025-01-15 18:42:02,585 basehttp 9252 9204 "GET /api/notification/notifications/ HTTP/1.1" 200 13137
INFO 2026-01-06 18:58:16,566 autoreload 28276 24476 Watching for file changes with StatReloader
INFO 2026-01-06 18:59:59,267 basehttp 28276 20608 "GET /api/main/books-news/ HTTP/1.1" 200 2
INFO 2026-01-06 18:59:59,269 basehttp 28276 12200 "GET /api/website-advertising/advertisements/main_page_ads/ HTTP/1.1" 200 2
INFO 2026-01-06 19:04:20,486 basehttp 28276 20608 "GET /api/main/books-news/ HTTP/1.1" 200 2
INFO 2026-01-06 19:04:20,501 basehttp 28276 12200 "GET /api/website-advertising/advertisements/main_page_ads/ HTTP/1.1" 200 2
INFO 2026-01-06 19:04:29,559 basehttp 28276 12200 "GET /api/website-advertising/advertisements/main_page_ads/ HTTP/1.1" 200 2
INFO 2026-01-06 19:04:29,570 basehttp 28276 20608 "GET /api/main/books-news/ HTTP/1.1" 200 2
INFO 2026-01-06 19:07:24,514 basehttp 28276 12200 "GET /api/main/books-news/ HTTP/1.1" 200 2
INFO 2026-01-06 19:07:24,615 basehttp 28276 20608 "GET /api/website-advertising/advertisements/main_page_ads/ HTTP/1.1" 200 2
INFO 2026-01-06 19:07:34,047 basehttp 28276 12200 "GET /api/main/books-news/ HTTP/1.1" 200 2
INFO 2026-01-06 19:07:34,049 basehttp 28276 20608 "GET /api/website-advertising/advertisements/main_page_ads/ HTTP/1.1" 200 2
INFO 2026-01-06 19:08:33,016 basehttp 28276 12200 "GET /api/main/books-news/ HTTP/1.1" 200 2
INFO 2026-01-06 19:08:33,018 basehttp 28276 20608 "GET /api/website-advertising/advertisements/main_page_ads/ HTTP/1.1" 200 2
INFO 2026-01-06 19:08:34,803 basehttp 28276 12200 "GET /api/main/books-news/ HTTP/1.1" 200 2
INFO 2026-01-06 19:08:34,807 basehttp 28276 20608 "GET /api/website-advertising/advertisements/main_page_ads/ HTTP/1.1" 200 2
INFO 2026-01-06 19:08:36,965 basehttp 28276 12200 "GET /api/main/books-news/ HTTP/1.1" 200 2
INFO 2026-01-06 19:08:36,966 basehttp 28276 20608 "GET /api/website-advertising/advertisements/main_page_ads/ HTTP/1.1" 200 2
INFO 2026-01-06 19:08:49,354 basehttp 28276 20608 "GET /api/website-advertising/advertisements/main_page_ads/ HTTP/1.1" 200 2
INFO 2026-01-06 19:08:49,358 basehttp 28276 12200 "GET /api/main/books-news/ HTTP/1.1" 200 2
INFO 2026-01-06 19:10:19,459 basehttp 28276 20608 "GET /api/main/books-news/ HTTP/1.1" 200 2
INFO 2026-01-06 19:10:19,462 basehttp 28276 12200 "GET /api/website-advertising/advertisements/main_page_ads/ HTTP/1.1" 200 2
INFO 2026-01-06 19:10:24,817 basehttp 28276 20608 "GET /api/main/books-news/ HTTP/1.1" 200 2
INFO 2026-01-06 19:10:24,905 basehttp 28276 12200 "GET /api/website-advertising/advertisements/main_page_ads/ HTTP/1.1" 200 2
INFO 2026-01-06 19:10:32,557 basehttp 28276 12200 "GET /api/website-advertising/advertisements/main_page_ads/ HTTP/1.1" 200 2
INFO 2026-01-06 19:10:32,557 basehttp 28276 20608 "GET /api/main/books-news/ HTTP/1.1" 200 2
INFO 2026-01-06 19:10:36,254 basehttp 28276 12200 "GET /api/main/books-news/ HTTP/1.1" 200 2
INFO 2026-01-06 19:10:36,256 basehttp 28276 20608 "GET /api/website-advertising/advertisements/main_page_ads/ HTTP/1.1" 200 2
INFO 2026-01-06 19:12:02,832 basehttp 28276 12200 "GET /api/main/books-news/ HTTP/1.1" 200 2
INFO 2026-01-06 19:12:02,834 basehttp 28276 20608 "GET /api/website-advertising/advertisements/main_page_ads/ HTTP/1.1" 200 2
INFO 2026-01-06 19:12:22,470 basehttp 28276 12200 "GET /api/main/books-news/ HTTP/1.1" 200 2
INFO 2026-01-06 19:12:22,472 basehttp 28276 20608 "GET /api/website-advertising/advertisements/main_page_ads/ HTTP/1.1" 200 2
INFO 2026-01-06 19:12:25,357 basehttp 28276 12200 "GET /api/main/books-news/ HTTP/1.1" 200 2
INFO 2026-01-06 19:12:25,359 basehttp 28276 20608 "GET /api/website-advertising/advertisements/main_page_ads/ HTTP/1.1" 200 2
INFO 2026-01-06 19:12:34,585 basehttp 28276 12200 "GET /api/main/books-news/ HTTP/1.1" 200 2
INFO 2026-01-06 19:12:34,586 basehttp 28276 20608 "GET /api/website-advertising/advertisements/main_page_ads/ HTTP/1.1" 200 2
INFO 2026-01-06 19:43:08,047 basehttp 28276 17584 "GET /api/main/books-news/ HTTP/1.1" 200 2
INFO 2026-01-06 19:43:08,049 basehttp 28276 25528 "GET /api/website-advertising/advertisements/main_page_ads/ HTTP/1.1" 200 2
INFO 2026-01-06 19:43:39,249 basehttp 28276 17584 "GET /api/main/books-news/ HTTP/1.1" 200 2
INFO 2026-01-06 19:43:39,251 basehttp 28276 25528 "GET /api/website-advertising/advertisements/main_page_ads/ HTTP/1.1" 200 2
INFO 2026-01-06 19:43:50,932 basehttp 28276 17584 "GET /api/main/books-news/ HTTP/1.1" 200 2
INFO 2026-01-06 19:43:50,934 basehttp 28276 25528 "GET /api/website-advertising/advertisements/main_page_ads/ HTTP/1.1" 200 2
INFO 2026-01-06 19:43:58,626 basehttp 28276 17584 "GET /api/main/books-news/ HTTP/1.1" 200 2
INFO 2026-01-06 19:43:58,627 basehttp 28276 25528 "GET /api/website-advertising/advertisements/main_page_ads/ HTTP/1.1" 200 2
INFO 2026-01-06 19:44:06,142 basehttp 28276 25528 "GET /api/website-advertising/advertisements/main_page_ads/ HTTP/1.1" 200 2
INFO 2026-01-06 19:44:06,143 basehttp 28276 17584 "GET /api/main/books-news/ HTTP/1.1" 200 2
INFO 2026-01-06 19:44:18,602 basehttp 28276 25528 "GET /api/main/books-news/ HTTP/1.1" 200 2
INFO 2026-01-06 19:44:18,605 basehttp 28276 17584 "GET /api/website-advertising/advertisements/main_page_ads/ HTTP/1.1" 200 2
INFO 2026-01-06 19:44:43,637 basehttp 28276 25528 "GET /api/main/books-news/ HTTP/1.1" 200 2
INFO 2026-01-06 19:44:43,639 basehttp 28276 17584 "GET /api/website-advertising/advertisements/main_page_ads/ HTTP/1.1" 200 2
INFO 2026-01-06 19:44:46,862 basehttp 28276 25528 "GET /api/main/books-news/ HTTP/1.1" 200 2
INFO 2026-01-06 19:44:46,866 basehttp 28276 17584 "GET /api/website-advertising/advertisements/main_page_ads/ HTTP/1.1" 200 2
INFO 2026-01-06 19:44:49,351 basehttp 28276 25528 "GET /api/main/books-news/ HTTP/1.1" 200 2
INFO 2026-01-06 19:44:49,353 basehttp 28276 17584 "GET /api/website-advertising/advertisements/main_page_ads/ HTTP/1.1" 200 2
INFO 2026-01-06 19:44:52,552 basehttp 28276 25528 "GET /api/main/books-news/ HTTP/1.1" 200 2
INFO 2026-01-06 19:44:52,553 basehttp 28276 17584 "GET /api/website-advertising/advertisements/main_page_ads/ HTTP/1.1" 200 2
INFO 2026-01-06 19:44:53,238 basehttp 28276 25528 "GET /api/main/books-news/ HTTP/1.1" 200 2
INFO 2026-01-06 19:44:53,239 basehttp 28276 17584 "GET /api/website-advertising/advertisements/main_page_ads/ HTTP/1.1" 200 2
INFO 2026-01-06 19:45:14,188 basehttp 28276 25528 "GET /api/main/books-news/ HTTP/1.1" 200 2
INFO 2026-01-06 19:45:14,190 basehttp 28276 17584 "GET /api/website-advertising/advertisements/main_page_ads/ HTTP/1.1" 200 2
INFO 2026-01-06 19:45:16,500 basehttp 28276 25528 "GET /api/main/books-news/ HTTP/1.1" 200 2
INFO 2026-01-06 19:45:16,501 basehttp 28276 17584 "GET /api/website-advertising/advertisements/main_page_ads/ HTTP/1.1" 200 2
INFO 2026-01-06 19:46:22,713 basehttp 28276 25528 "GET /api/main/books-news/ HTTP/1.1" 200 2
INFO 2026-01-06 19:46:22,716 basehttp 28276 17584 "GET /api/website-advertising/advertisements/main_page_ads/ HTTP/1.1" 200 2
INFO 2026-01-06 19:46:24,015 basehttp 28276 25528 "GET /api/main/books-news/ HTTP/1.1" 200 2
INFO 2026-01-06 19:46:24,017 basehttp 28276 17584 "GET /api/website-advertising/advertisements/main_page_ads/ HTTP/1.1" 200 2
INFO 2026-01-06 19:46:24,334 basehttp 28276 25528 "GET /api/main/books-news/ HTTP/1.1" 200 2
INFO 2026-01-06 19:46:24,336 basehttp 28276 17584 "GET /api/website-advertising/advertisements/main_page_ads/ HTTP/1.1" 200 2
INFO 2026-01-06 19:46:24,735 basehttp 28276 25528 "GET /api/main/books-news/ HTTP/1.1" 200 2
INFO 2026-01-06 19:46:24,738 basehttp 28276 17584 "GET /api/website-advertising/advertisements/main_page_ads/ HTTP/1.1" 200 2
INFO 2026-01-06 19:46:25,258 basehttp 28276 25528 "GET /api/main/books-news/ HTTP/1.1" 200 2
INFO 2026-01-06 19:46:25,359 basehttp 28276 17584 "GET /api/website-advertising/advertisements/main_page_ads/ HTTP/1.1" 200 2
INFO 2026-01-06 19:47:40,209 basehttp 28276 17584 "GET /api/website-advertising/advertisements/main_page_ads/ HTTP/1.1" 200 2
INFO 2026-01-06 19:47:40,213 basehttp 28276 25528 "GET /api/main/books-news/ HTTP/1.1" 200 2
INFO 2026-01-06 19:47:41,595 basehttp 28276 17584 "GET /api/main/books-news/ HTTP/1.1" 200 2
INFO 2026-01-06 19:47:41,597 basehttp 28276 25528 "GET /api/website-advertising/advertisements/main_page_ads/ HTTP/1.1" 200 2
INFO 2026-01-06 19:48:38,862 basehttp 28276 17584 "GET /api/main/books-news/ HTTP/1.1" 200 2
INFO 2026-01-06 19:48:38,864 basehttp 28276 25528 "GET /api/website-advertising/advertisements/main_page_ads/ HTTP/1.1" 200 2
INFO 2026-01-06 19:48:39,530 basehttp 28276 17584 "GET /api/main/books-news/ HTTP/1.1" 200 2
INFO 2026-01-06 19:48:39,532 basehttp 28276 25528 "GET /api/website-advertising/advertisements/main_page_ads/ HTTP/1.1" 200 2
INFO 2026-01-06 19:48:41,860 basehttp 28276 17584 "GET /api/main/books-news/ HTTP/1.1" 200 2
INFO 2026-01-06 19:48:41,861 basehttp 28276 25528 "GET /api/website-advertising/advertisements/main_page_ads/ HTTP/1.1" 200 2
INFO 2026-01-06 19:48:42,688 basehttp 28276 17584 "GET /api/main/books-news/ HTTP/1.1" 200 2
INFO 2026-01-06 19:48:42,690 basehttp 28276 25528 "GET /api/website-advertising/advertisements/main_page_ads/ HTTP/1.1" 200 2
INFO 2026-01-06 19:48:43,079 basehttp 28276 17584 "GET /api/main/books-news/ HTTP/1.1" 200 2
INFO 2026-01-06 19:48:43,179 basehttp 28276 25528 "GET /api/website-advertising/advertisements/main_page_ads/ HTTP/1.1" 200 2
INFO 2026-01-06 19:49:25,878 basehttp 28276 17584 "GET /api/main/books-news/ HTTP/1.1" 200 2
INFO 2026-01-06 19:49:25,879 basehttp 28276 25528 "GET /api/website-advertising/advertisements/main_page_ads/ HTTP/1.1" 200 2
INFO 2026-01-06 19:50:26,054 basehttp 28276 25528 "GET /api/website-advertising/advertisements/main_page_ads/ HTTP/1.1" 200 2
INFO 2026-01-06 19:50:26,157 basehttp 28276 17584 "GET /api/main/books-news/ HTTP/1.1" 200 2
INFO 2026-01-06 19:50:26,937 basehttp 28276 25528 "GET /api/main/books-news/ HTTP/1.1" 200 2
INFO 2026-01-06 19:50:26,939 basehttp 28276 17584 "GET /api/website-advertising/advertisements/main_page_ads/ HTTP/1.1" 200 2
INFO 2026-01-06 19:50:36,272 basehttp 28276 25528 "GET /api/main/books-news/ HTTP/1.1" 200 2
INFO 2026-01-06 19:50:36,274 basehttp 28276 17584 "GET /api/website-advertising/advertisements/main_page_ads/ HTTP/1.1" 200 2
INFO 2026-01-06 19:50:52,103 basehttp 28276 25528 "GET /api/main/books-news/ HTTP/1.1" 200 2
INFO 2026-01-06 19:50:52,106 basehttp 28276 17584 "GET /api/website-advertising/advertisements/main_page_ads/ HTTP/1.1" 200 2
INFO 2026-01-06 19:50:55,151 basehttp 28276 17584 "GET /api/website-advertising/advertisements/main_page_ads/ HTTP/1.1" 200 2
INFO 2026-01-06 19:50:55,152 basehttp 28276 25528 "GET /api/main/books-news/ HTTP/1.1" 200 2
INFO 2026-01-06 19:51:05,812 basehttp 28276 17584 "GET /api/main/books-news/ HTTP/1.1" 200 2
INFO 2026-01-06 19:51:05,814 basehttp 28276 25528 "GET /api/website-advertising/advertisements/main_page_ads/ HTTP/1.1" 200 2
INFO 2026-01-06 19:51:36,139 basehttp 28276 17584 "GET /api/main/books-news/ HTTP/1.1" 200 2
INFO 2026-01-06 19:51:36,237 basehttp 28276 25528 "GET /api/website-advertising/advertisements/main_page_ads/ HTTP/1.1" 200 2
WARNING 2026-01-06 19:51:47,378 log 28276 25528 Too Many Requests: /api/website-advertising/advertisements/main_page_ads/
WARNING 2026-01-06 19:51:47,380 log 28276 17584 Too Many Requests: /api/main/books-news/
WARNING 2026-01-06 19:51:47,381 basehttp 28276 25528 "GET /api/website-advertising/advertisements/main_page_ads/ HTTP/1.1" 429 72
WARNING 2026-01-06 19:51:47,381 basehttp 28276 17584 "GET /api/main/books-news/ HTTP/1.1" 429 72
WARNING 2026-01-06 19:52:07,459 log 28276 17584 Too Many Requests: /api/website-advertising/advertisements/main_page_ads/
WARNING 2026-01-06 19:52:07,460 log 28276 25528 Too Many Requests: /api/main/books-news/
WARNING 2026-01-06 19:52:07,461 basehttp 28276 17584 "GET /api/website-advertising/advertisements/main_page_ads/ HTTP/1.1" 429 72
WARNING 2026-01-06 19:52:07,461 basehttp 28276 25528 "GET /api/main/books-news/ HTTP/1.1" 429 72
WARNING 2026-01-06 19:52:20,058 log 28276 25528 Too Many Requests: /api/website-advertising/advertisements/main_page_ads/
WARNING 2026-01-06 19:52:20,061 log 28276 17584 Too Many Requests: /api/main/books-news/
WARNING 2026-01-06 19:52:20,061 basehttp 28276 25528 "GET /api/website-advertising/advertisements/main_page_ads/ HTTP/1.1" 429 72
WARNING 2026-01-06 19:52:20,061 basehttp 28276 17584 "GET /api/main/books-news/ HTTP/1.1" 429 72
WARNING 2026-01-06 19:52:28,900 log 28276 17584 Too Many Requests: /api/website-advertising/advertisements/main_page_ads/
WARNING 2026-01-06 19:52:28,902 log 28276 25528 Too Many Requests: /api/main/books-news/
WARNING 2026-01-06 19:52:28,903 basehttp 28276 25528 "GET /api/main/books-news/ HTTP/1.1" 429 72
WARNING 2026-01-06 19:52:28,903 basehttp 28276 17584 "GET /api/website-advertising/advertisements/main_page_ads/ HTTP/1.1" 429 72
WARNING 2026-01-06 19:52:38,952 log 28276 25528 Too Many Requests: /api/website-advertising/advertisements/main_page_ads/
WARNING 2026-01-06 19:52:38,954 log 28276 17584 Too Many Requests: /api/main/books-news/
WARNING 2026-01-06 19:52:38,954 basehttp 28276 25528 "GET /api/website-advertising/advertisements/main_page_ads/ HTTP/1.1" 429 72
WARNING 2026-01-06 19:52:38,955 basehttp 28276 17584 "GET /api/main/books-news/ HTTP/1.1" 429 72
WARNING 2026-01-06 19:53:15,779 log 28276 17584 Too Many Requests: /api/website-advertising/advertisements/main_page_ads/
WARNING 2026-01-06 19:53:15,779 log 28276 25528 Too Many Requests: /api/main/books-news/
WARNING 2026-01-06 19:53:15,780 basehttp 28276 17584 "GET /api/website-advertising/advertisements/main_page_ads/ HTTP/1.1" 429 72
WARNING 2026-01-06 19:53:15,780 basehttp 28276 25528 "GET /api/main/books-news/ HTTP/1.1" 429 72
WARNING 2026-01-06 19:53:17,848 log 28276 25528 Too Many Requests: /api/website-advertising/advertisements/main_page_ads/
WARNING 2026-01-06 19:53:17,850 log 28276 17584 Too Many Requests: /api/main/books-news/
WARNING 2026-01-06 19:53:17,850 basehttp 28276 25528 "GET /api/website-advertising/advertisements/main_page_ads/ HTTP/1.1" 429 72
WARNING 2026-01-06 19:53:17,850 basehttp 28276 17584 "GET /api/main/books-news/ HTTP/1.1" 429 72
WARNING 2026-01-06 19:53:26,817 log 28276 17584 Too Many Requests: /api/website-advertising/advertisements/main_page_ads/
WARNING 2026-01-06 19:53:26,819 log 28276 25528 Too Many Requests: /api/main/books-news/
WARNING 2026-01-06 19:53:26,820 basehttp 28276 25528 "GET /api/main/books-news/ HTTP/1.1" 429 72
WARNING 2026-01-06 19:53:26,820 basehttp 28276 17584 "GET /api/website-advertising/advertisements/main_page_ads/ HTTP/1.1" 429 72
WARNING 2026-01-06 19:53:31,444 log 28276 17584 Too Many Requests: /api/website-advertising/advertisements/main_page_ads/
WARNING 2026-01-06 19:53:31,445 log 28276 25528 Too Many Requests: /api/main/books-news/
WARNING 2026-01-06 19:53:31,446 basehttp 28276 17584 "GET /api/website-advertising/advertisements/main_page_ads/ HTTP/1.1" 429 72
WARNING 2026-01-06 19:53:31,446 basehttp 28276 25528 "GET /api/main/books-news/ HTTP/1.1" 429 72
WARNING 2026-01-06 19:53:38,078 log 28276 25528 Too Many Requests: /api/website-advertising/advertisements/main_page_ads/
WARNING 2026-01-06 19:53:38,080 log 28276 17584 Too Many Requests: /api/main/books-news/
WARNING 2026-01-06 19:53:38,081 basehttp 28276 25528 "GET /api/website-advertising/advertisements/main_page_ads/ HTTP/1.1" 429 72
WARNING 2026-01-06 19:53:38,081 basehttp 28276 17584 "GET /api/main/books-news/ HTTP/1.1" 429 72
WARNING 2026-01-06 19:53:57,759 log 28276 17584 Too Many Requests: /api/website-advertising/advertisements/main_page_ads/
WARNING 2026-01-06 19:53:57,759 log 28276 25528 Too Many Requests: /api/main/books-news/
WARNING 2026-01-06 19:53:57,760 basehttp 28276 25528 "GET /api/main/books-news/ HTTP/1.1" 429 72
WARNING 2026-01-06 19:53:57,760 basehttp 28276 17584 "GET /api/website-advertising/advertisements/main_page_ads/ HTTP/1.1" 429 72
WARNING 2026-01-06 19:54:08,689 log 28276 25528 Too Many Requests: /api/website-advertising/advertisements/main_page_ads/
WARNING 2026-01-06 19:54:08,691 log 28276 17584 Too Many Requests: /api/main/books-news/
WARNING 2026-01-06 19:54:08,691 basehttp 28276 17584 "GET /api/main/books-news/ HTTP/1.1" 429 72
WARNING 2026-01-06 19:54:08,692 basehttp 28276 25528 "GET /api/website-advertising/advertisements/main_page_ads/ HTTP/1.1" 429 72
WARNING 2026-01-06 19:54:12,191 log 28276 17584 Too Many Requests: /api/website-advertising/advertisements/main_page_ads/
WARNING 2026-01-06 19:54:12,193 log 28276 25528 Too Many Requests: /api/main/books-news/
WARNING 2026-01-06 19:54:12,194 basehttp 28276 17584 "GET /api/website-advertising/advertisements/main_page_ads/ HTTP/1.1" 429 72
WARNING 2026-01-06 19:54:12,194 basehttp 28276 25528 "GET /api/main/books-news/ HTTP/1.1" 429 72
WARNING 2026-01-06 19:54:26,399 log 28276 25528 Too Many Requests: /api/website-advertising/advertisements/main_page_ads/
WARNING 2026-01-06 19:54:26,400 log 28276 17584 Too Many Requests: /api/main/books-news/
WARNING 2026-01-06 19:54:26,401 basehttp 28276 17584 "GET /api/main/books-news/ HTTP/1.1" 429 72
WARNING 2026-01-06 19:54:26,401 basehttp 28276 25528 "GET /api/website-advertising/advertisements/main_page_ads/ HTTP/1.1" 429 72
WARNING 2026-01-06 19:54:47,779 log 28276 25528 Too Many Requests: /api/website-advertising/advertisements/main_page_ads/
WARNING 2026-01-06 19:54:47,781 log 28276 17584 Too Many Requests: /api/main/books-news/
WARNING 2026-01-06 19:54:47,781 basehttp 28276 25528 "GET /api/website-advertising/advertisements/main_page_ads/ HTTP/1.1" 429 72
WARNING 2026-01-06 19:54:47,781 basehttp 28276 17584 "GET /api/main/books-news/ HTTP/1.1" 429 72
WARNING 2026-01-06 19:55:15,059 log 28276 17584 Too Many Requests: /api/website-advertising/advertisements/main_page_ads/
WARNING 2026-01-06 19:55:15,060 log 28276 25528 Too Many Requests: /api/main/books-news/
WARNING 2026-01-06 19:55:15,061 basehttp 28276 17584 "GET /api/website-advertising/advertisements/main_page_ads/ HTTP/1.1" 429 72
WARNING 2026-01-06 19:55:15,061 basehttp 28276 25528 "GET /api/main/books-news/ HTTP/1.1" 429 72
WARNING 2026-01-06 19:55:22,484 log 28276 25528 Too Many Requests: /api/website-advertising/advertisements/main_page_ads/
WARNING 2026-01-06 19:55:22,486 log 28276 17584 Too Many Requests: /api/main/books-news/
WARNING 2026-01-06 19:55:22,487 basehttp 28276 25528 "GET /api/website-advertising/advertisements/main_page_ads/ HTTP/1.1" 429 72
WARNING 2026-01-06 19:55:22,487 basehttp 28276 17584 "GET /api/main/books-news/ HTTP/1.1" 429 72
WARNING 2026-01-06 19:55:24,274 log 28276 17584 Too Many Requests: /api/website-advertising/advertisements/main_page_ads/
WARNING 2026-01-06 19:55:24,277 log 28276 25528 Too Many Requests: /api/main/books-news/
WARNING 2026-01-06 19:55:24,278 basehttp 28276 17584 "GET /api/website-advertising/advertisements/main_page_ads/ HTTP/1.1" 429 72
WARNING 2026-01-06 19:55:24,278 basehttp 28276 25528 "GET /api/main/books-news/ HTTP/1.1" 429 72
WARNING 2026-01-06 19:55:40,179 log 28276 25528 Too Many Requests: /api/website-advertising/advertisements/main_page_ads/
WARNING 2026-01-06 19:55:40,180 log 28276 17584 Too Many Requests: /api/main/books-news/
WARNING 2026-01-06 19:55:40,180 basehttp 28276 25528 "GET /api/website-advertising/advertisements/main_page_ads/ HTTP/1.1" 429 72
WARNING 2026-01-06 19:55:40,181 basehttp 28276 17584 "GET /api/main/books-news/ HTTP/1.1" 429 72
WARNING 2026-01-06 19:56:07,674 log 28276 17584 Too Many Requests: /api/website-advertising/advertisements/main_page_ads/
WARNING 2026-01-06 19:56:07,675 log 28276 25528 Too Many Requests: /api/main/books-news/
WARNING 2026-01-06 19:56:07,676 basehttp 28276 17584 "GET /api/website-advertising/advertisements/main_page_ads/ HTTP/1.1" 429 72
WARNING 2026-01-06 19:56:07,676 basehttp 28276 25528 "GET /api/main/books-news/ HTTP/1.1" 429 72
WARNING 2026-01-06 19:56:12,474 log 28276 25528 Too Many Requests: /api/website-advertising/advertisements/main_page_ads/
WARNING 2026-01-06 19:56:12,476 log 28276 17584 Too Many Requests: /api/main/books-news/
WARNING 2026-01-06 19:56:12,477 basehttp 28276 25528 "GET /api/website-advertising/advertisements/main_page_ads/ HTTP/1.1" 429 72
WARNING 2026-01-06 19:56:12,477 basehttp 28276 17584 "GET /api/main/books-news/ HTTP/1.1" 429 72
WARNING 2026-01-06 19:56:16,743 log 28276 17584 Too Many Requests: /api/website-advertising/advertisements/main_page_ads/
WARNING 2026-01-06 19:56:16,744 log 28276 25528 Too Many Requests: /api/main/books-news/
WARNING 2026-01-06 19:56:16,745 basehttp 28276 17584 "GET /api/website-advertising/advertisements/main_page_ads/ HTTP/1.1" 429 72
WARNING 2026-01-06 19:56:16,745 basehttp 28276 25528 "GET /api/main/books-news/ HTTP/1.1" 429 72
WARNING 2026-01-06 19:56:21,096 log 28276 25528 Too Many Requests: /api/website-advertising/advertisements/main_page_ads/
WARNING 2026-01-06 19:56:21,098 log 28276 17584 Too Many Requests: /api/main/books-news/
WARNING 2026-01-06 19:56:21,099 basehttp 28276 25528 "GET /api/website-advertising/advertisements/main_page_ads/ HTTP/1.1" 429 72
WARNING 2026-01-06 19:56:21,099 basehttp 28276 17584 "GET /api/main/books-news/ HTTP/1.1" 429 72
WARNING 2026-01-06 19:56:31,924 log 28276 17584 Too Many Requests: /api/website-advertising/advertisements/main_page_ads/
WARNING 2026-01-06 19:56:31,927 log 28276 25528 Too Many Requests: /api/main/books-news/
WARNING 2026-01-06 19:56:31,928 basehttp 28276 17584 "GET /api/website-advertising/advertisements/main_page_ads/ HTTP/1.1" 429 72
WARNING 2026-01-06 19:56:31,928 basehttp 28276 25528 "GET /api/main/books-news/ HTTP/1.1" 429 72
WARNING 2026-01-06 19:56:50,770 log 28276 25528 Too Many Requests: /api/website-advertising/advertisements/main_page_ads/
WARNING 2026-01-06 19:56:50,771 log 28276 17584 Too Many Requests: /api/main/books-news/
WARNING 2026-01-06 19:56:50,772 basehttp 28276 25528 "GET /api/website-advertising/advertisements/main_page_ads/ HTTP/1.1" 429 72
WARNING 2026-01-06 19:56:50,772 basehttp 28276 17584 "GET /api/main/books-news/ HTTP/1.1" 429 72
WARNING 2026-01-06 19:56:52,564 log 28276 17584 Too Many Requests: /api/website-advertising/advertisements/main_page_ads/
WARNING 2026-01-06 19:56:52,566 log 28276 25528 Too Many Requests: /api/main/books-news/
WARNING 2026-01-06 19:56:52,567 basehttp 28276 25528 "GET /api/main/books-news/ HTTP/1.1" 429 72
WARNING 2026-01-06 19:56:52,567 basehttp 28276 17584 "GET /api/website-advertising/advertisements/main_page_ads/ HTTP/1.1" 429 72
WARNING 2026-01-06 19:56:57,600 log 28276 17584 Too Many Requests: /api/main/books-news/
WARNING 2026-01-06 19:56:57,602 log 28276 25528 Too Many Requests: /api/website-advertising/advertisements/main_page_ads/
WARNING 2026-01-06 19:56:57,603 basehttp 28276 17584 "GET /api/main/books-news/ HTTP/1.1" 429 72
WARNING 2026-01-06 19:56:57,603 basehttp 28276 25528 "GET /api/website-advertising/advertisements/main_page_ads/ HTTP/1.1" 429 72
WARNING 2026-01-06 19:57:16,996 log 28276 25528 Too Many Requests: /api/website-advertising/advertisements/main_page_ads/
WARNING 2026-01-06 19:57:16,998 log 28276 17584 Too Many Requests: /api/main/books-news/
WARNING 2026-01-06 19:57:16,999 basehttp 28276 25528 "GET /api/website-advertising/advertisements/main_page_ads/ HTTP/1.1" 429 72
WARNING 2026-01-06 19:57:16,999 basehttp 28276 17584 "GET /api/main/books-news/ HTTP/1.1" 429 72
WARNING 2026-01-06 19:57:18,576 log 28276 17584 Too Many Requests: /api/website-advertising/advertisements/main_page_ads/
WARNING 2026-01-06 19:57:18,577 log 28276 25528 Too Many Requests: /api/main/books-news/
WARNING 2026-01-06 19:57:18,578 basehttp 28276 17584 "GET /api/website-advertising/advertisements/main_page_ads/ HTTP/1.1" 429 72
WARNING 2026-01-06 19:57:18,578 basehttp 28276 25528 "GET /api/main/books-news/ HTTP/1.1" 429 72
WARNING 2026-01-06 19:57:22,527 log 28276 25528 Too Many Requests: /api/website-advertising/advertisements/main_page_ads/
WARNING 2026-01-06 19:57:22,529 log 28276 17584 Too Many Requests: /api/main/books-news/
WARNING 2026-01-06 19:57:22,529 basehttp 28276 17584 "GET /api/main/books-news/ HTTP/1.1" 429 72
WARNING 2026-01-06 19:57:22,530 basehttp 28276 25528 "GET /api/website-advertising/advertisements/main_page_ads/ HTTP/1.1" 429 72
WARNING 2026-01-06 19:57:26,138 log 28276 25528 Too Many Requests: /api/website-advertising/advertisements/main_page_ads/
WARNING 2026-01-06 19:57:26,140 log 28276 17584 Too Many Requests: /api/main/books-news/
WARNING 2026-01-06 19:57:26,141 basehttp 28276 25528 "GET /api/website-advertising/advertisements/main_page_ads/ HTTP/1.1" 429 72
WARNING 2026-01-06 19:57:26,141 basehttp 28276 17584 "GET /api/main/books-news/ HTTP/1.1" 429 72
WARNING 2026-01-06 19:57:36,262 log 28276 17584 Too Many Requests: /api/website-advertising/advertisements/main_page_ads/
WARNING 2026-01-06 19:57:36,263 log 28276 25528 Too Many Requests: /api/main/books-news/
WARNING 2026-01-06 19:57:36,264 basehttp 28276 17584 "GET /api/website-advertising/advertisements/main_page_ads/ HTTP/1.1" 429 72
WARNING 2026-01-06 19:57:36,264 basehttp 28276 25528 "GET /api/main/books-news/ HTTP/1.1" 429 72
WARNING 2026-01-06 19:57:37,084 log 28276 25528 Too Many Requests: /api/website-advertising/advertisements/main_page_ads/
WARNING 2026-01-06 19:57:37,086 log 28276 17584 Too Many Requests: /api/main/books-news/
WARNING 2026-01-06 19:57:37,086 basehttp 28276 25528 "GET /api/website-advertising/advertisements/main_page_ads/ HTTP/1.1" 429 72
WARNING 2026-01-06 19:57:37,086 basehttp 28276 17584 "GET /api/main/books-news/ HTTP/1.1" 429 72
WARNING 2026-01-06 19:57:39,681 log 28276 17584 Too Many Requests: /api/website-advertising/advertisements/main_page_ads/
WARNING 2026-01-06 19:57:39,683 log 28276 25528 Too Many Requests: /api/main/books-news/
WARNING 2026-01-06 19:57:39,683 basehttp 28276 17584 "GET /api/website-advertising/advertisements/main_page_ads/ HTTP/1.1" 429 72
WARNING 2026-01-06 19:57:39,683 basehttp 28276 25528 "GET /api/main/books-news/ HTTP/1.1" 429 72
WARNING 2026-01-06 19:57:54,626 log 28276 25528 Too Many Requests: /api/website-advertising/advertisements/main_page_ads/
WARNING 2026-01-06 19:57:54,627 log 28276 17584 Too Many Requests: /api/main/books-news/
WARNING 2026-01-06 19:57:54,628 basehttp 28276 25528 "GET /api/website-advertising/advertisements/main_page_ads/ HTTP/1.1" 429 72
WARNING 2026-01-06 19:57:54,628 basehttp 28276 17584 "GET /api/main/books-news/ HTTP/1.1" 429 72
WARNING 2026-01-06 19:57:58,636 log 28276 17584 Too Many Requests: /api/website-advertising/advertisements/main_page_ads/
WARNING 2026-01-06 19:57:58,637 log 28276 25528 Too Many Requests: /api/main/books-news/
WARNING 2026-01-06 19:57:58,638 basehttp 28276 17584 "GET /api/website-advertising/advertisements/main_page_ads/ HTTP/1.1" 429 72
WARNING 2026-01-06 19:57:58,638 basehttp 28276 25528 "GET /api/main/books-news/ HTTP/1.1" 429 72
WARNING 2026-01-06 19:58:04,161 log 28276 25528 Too Many Requests: /api/website-advertising/advertisements/main_page_ads/
WARNING 2026-01-06 19:58:04,164 log 28276 17584 Too Many Requests: /api/main/books-news/
WARNING 2026-01-06 19:58:04,164 basehttp 28276 25528 "GET /api/website-advertising/advertisements/main_page_ads/ HTTP/1.1" 429 72
WARNING 2026-01-06 19:58:04,164 basehttp 28276 17584 "GET /api/main/books-news/ HTTP/1.1" 429 72
WARNING 2026-01-06 19:58:08,933 log 28276 17584 Too Many Requests: /api/website-advertising/advertisements/main_page_ads/
WARNING 2026-01-06 19:58:08,935 log 28276 25528 Too Many Requests: /api/main/books-news/
WARNING 2026-01-06 19:58:08,936 basehttp 28276 17584 "GET /api/website-advertising/advertisements/main_page_ads/ HTTP/1.1" 429 72
WARNING 2026-01-06 19:58:08,936 basehttp 28276 25528 "GET /api/main/books-news/ HTTP/1.1" 429 72
WARNING 2026-01-06 19:58:13,108 log 28276 25528 Too Many Requests: /api/website-advertising/advertisements/main_page_ads/
WARNING 2026-01-06 19:58:13,110 log 28276 17584 Too Many Requests: /api/main/books-news/
WARNING 2026-01-06 19:58:13,111 basehttp 28276 25528 "GET /api/website-advertising/advertisements/main_page_ads/ HTTP/1.1" 429 72
WARNING 2026-01-06 19:58:13,111 basehttp 28276 17584 "GET /api/main/books-news/ HTTP/1.1" 429 72
WARNING 2026-01-06 19:58:17,170 log 28276 17584 Too Many Requests: /api/website-advertising/advertisements/main_page_ads/
WARNING 2026-01-06 19:58:17,171 log 28276 25528 Too Many Requests: /api/main/books-news/
WARNING 2026-01-06 19:58:17,172 basehttp 28276 25528 "GET /api/main/books-news/ HTTP/1.1" 429 72
WARNING 2026-01-06 19:58:17,172 basehttp 28276 17584 "GET /api/website-advertising/advertisements/main_page_ads/ HTTP/1.1" 429 72
WARNING 2026-01-06 19:58:20,151 log 28276 17584 Too Many Requests: /api/website-advertising/advertisements/main_page_ads/
WARNING 2026-01-06 19:58:20,153 log 28276 25528 Too Many Requests: /api/main/books-news/
WARNING 2026-01-06 19:58:20,154 basehttp 28276 25528 "GET /api/main/books-news/ HTTP/1.1" 429 72
WARNING 2026-01-06 19:58:20,154 basehttp 28276 17584 "GET /api/website-advertising/advertisements/main_page_ads/ HTTP/1.1" 429 72
WARNING 2026-01-06 19:58:24,596 log 28276 25528 Too Many Requests: /api/website-advertising/advertisements/main_page_ads/
WARNING 2026-01-06 19:58:24,597 log 28276 17584 Too Many Requests: /api/main/books-news/
WARNING 2026-01-06 19:58:24,598 basehttp 28276 25528 "GET /api/website-advertising/advertisements/main_page_ads/ HTTP/1.1" 429 72
WARNING 2026-01-06 19:58:24,598 basehttp 28276 17584 "GET /api/main/books-news/ HTTP/1.1" 429 72
WARNING 2026-01-07 15:15:10,825 log 28276 31648 Too Many Requests: /api/website-advertising/advertisements/main_page_ads/
WARNING 2026-01-07 15:15:10,826 log 28276 27412 Too Many Requests: /api/main/books-news/
WARNING 2026-01-07 15:15:10,826 basehttp 28276 31648 "GET /api/website-advertising/advertisements/main_page_ads/ HTTP/1.1" 429 72
WARNING 2026-01-07 15:15:10,826 basehttp 28276 27412 "GET /api/main/books-news/ HTTP/1.1" 429 72
WARNING 2026-01-07 15:15:29,991 log 28276 27412 Too Many Requests: /api/website-advertising/advertisements/main_page_ads/
WARNING 2026-01-07 15:15:29,992 log 28276 31648 Too Many Requests: /api/main/books-news/
WARNING 2026-01-07 15:15:29,993 basehttp 28276 31648 "GET /api/main/books-news/ HTTP/1.1" 429 72
WARNING 2026-01-07 15:15:29,993 basehttp 28276 27412 "GET /api/website-advertising/advertisements/main_page_ads/ HTTP/1.1" 429 72
WARNING 2026-01-07 15:32:44,353 log 28276 16600 Too Many Requests: /api/main/books-news/
WARNING 2026-01-07 15:32:44,354 log 28276 15244 Too Many Requests: /api/website-advertising/advertisements/main_page_ads/
WARNING 2026-01-07 15:32:44,354 basehttp 28276 16600 "GET /api/main/books-news/ HTTP/1.1" 429 72
WARNING 2026-01-07 15:32:44,355 basehttp 28276 15244 "GET /api/website-advertising/advertisements/main_page_ads/ HTTP/1.1" 429 72
WARNING 2026-01-07 15:32:51,815 log 28276 15244 Too Many Requests: /api/website-advertising/advertisements/main_page_ads/
WARNING 2026-01-07 15:32:51,817 log 28276 16600 Too Many Requests: /api/main/books-news/
WARNING 2026-01-07 15:32:51,817 basehttp 28276 15244 "GET /api/website-advertising/advertisements/main_page_ads/ HTTP/1.1" 429 72
WARNING 2026-01-07 15:32:51,817 basehttp 28276 16600 "GET /api/main/books-news/ HTTP/1.1" 429 72
WARNING 2026-01-07 15:32:55,445 log 28276 16600 Too Many Requests: /api/website-advertising/advertisements/main_page_ads/
WARNING 2026-01-07 15:32:55,447 log 28276 15244 Too Many Requests: /api/main/books-news/
WARNING 2026-01-07 15:32:55,447 basehttp 28276 16600 "GET /api/website-advertising/advertisements/main_page_ads/ HTTP/1.1" 429 72
WARNING 2026-01-07 15:32:55,447 basehttp 28276 15244 "GET /api/main/books-news/ HTTP/1.1" 429 72
WARNING 2026-01-07 15:33:21,566 log 28276 15244 Too Many Requests: /api/website-advertising/advertisements/main_page_ads/
WARNING 2026-01-07 15:33:21,569 log 28276 16600 Too Many Requests: /api/main/books-news/
WARNING 2026-01-07 15:33:21,570 basehttp 28276 15244 "GET /api/website-advertising/advertisements/main_page_ads/ HTTP/1.1" 429 72
WARNING 2026-01-07 15:33:21,570 basehttp 28276 16600 "GET /api/main/books-news/ HTTP/1.1" 429 72
WARNING 2026-01-07 15:33:28,632 log 28276 16600 Too Many Requests: /api/website-advertising/advertisements/main_page_ads/
WARNING 2026-01-07 15:33:28,634 log 28276 15244 Too Many Requests: /api/main/books-news/
WARNING 2026-01-07 15:33:28,635 basehttp 28276 15244 "GET /api/main/books-news/ HTTP/1.1" 429 72
WARNING 2026-01-07 15:33:28,636 basehttp 28276 16600 "GET /api/website-advertising/advertisements/main_page_ads/ HTTP/1.1" 429 72
WARNING 2026-01-07 15:34:02,322 log 28276 15244 Too Many Requests: /api/website-advertising/advertisements/main_page_ads/
WARNING 2026-01-07 15:34:02,324 log 28276 16600 Too Many Requests: /api/main/books-news/
WARNING 2026-01-07 15:34:02,325 basehttp 28276 15244 "GET /api/website-advertising/advertisements/main_page_ads/ HTTP/1.1" 429 72
WARNING 2026-01-07 15:34:02,325 basehttp 28276 16600 "GET /api/main/books-news/ HTTP/1.1" 429 72
WARNING 2026-01-07 15:34:14,368 log 28276 16600 Too Many Requests: /api/website-advertising/advertisements/main_page_ads/
WARNING 2026-01-07 15:34:14,370 log 28276 15244 Too Many Requests: /api/main/books-news/
WARNING 2026-01-07 15:34:14,371 basehttp 28276 15244 "GET /api/main/books-news/ HTTP/1.1" 429 72
WARNING 2026-01-07 15:34:14,371 basehttp 28276 16600 "GET /api/website-advertising/advertisements/main_page_ads/ HTTP/1.1" 429 72
WARNING 2026-01-07 15:34:28,424 log 28276 15244 Too Many Requests: /api/website-advertising/advertisements/main_page_ads/
WARNING 2026-01-07 15:34:28,425 log 28276 16600 Too Many Requests: /api/main/books-news/
WARNING 2026-01-07 15:34:28,426 basehttp 28276 15244 "GET /api/website-advertising/advertisements/main_page_ads/ HTTP/1.1" 429 72
WARNING 2026-01-07 15:34:28,426 basehttp 28276 16600 "GET /api/main/books-news/ HTTP/1.1" 429 72
WARNING 2026-01-07 15:34:29,292 log 28276 16600 Too Many Requests: /api/website-advertising/advertisements/main_page_ads/
WARNING 2026-01-07 15:34:29,294 log 28276 15244 Too Many Requests: /api/main/books-news/
WARNING 2026-01-07 15:34:29,295 basehttp 28276 15244 "GET /api/main/books-news/ HTTP/1.1" 429 72
WARNING 2026-01-07 15:34:29,295 basehttp 28276 16600 "GET /api/website-advertising/advertisements/main_page_ads/ HTTP/1.1" 429 72
WARNING 2026-01-07 15:34:30,307 log 28276 15244 Too Many Requests: /api/website-advertising/advertisements/main_page_ads/
WARNING 2026-01-07 15:34:30,308 log 28276 16600 Too Many Requests: /api/main/books-news/
WARNING 2026-01-07 15:34:30,308 basehttp 28276 15244 "GET /api/website-advertising/advertisements/main_page_ads/ HTTP/1.1" 429 72
WARNING 2026-01-07 15:34:30,308 basehttp 28276 16600 "GET /api/main/books-news/ HTTP/1.1" 429 72
WARNING 2026-01-07 15:34:48,309 log 28276 16600 Too Many Requests: /api/website-advertising/advertisements/main_page_ads/
WARNING 2026-01-07 15:34:48,311 log 28276 15244 Too Many Requests: /api/main/books-news/
WARNING 2026-01-07 15:34:48,312 basehttp 28276 16600 "GET /api/website-advertising/advertisements/main_page_ads/ HTTP/1.1" 429 72
WARNING 2026-01-07 15:34:48,316 basehttp 28276 15244 "GET /api/main/books-news/ HTTP/1.1" 429 72
WARNING 2026-01-07 15:35:51,954 log 28276 15244 Too Many Requests: /api/website-advertising/advertisements/main_page_ads/
WARNING 2026-01-07 15:35:51,955 log 28276 16600 Too Many Requests: /api/main/books-news/
WARNING 2026-01-07 15:35:51,955 basehttp 28276 15244 "GET /api/website-advertising/advertisements/main_page_ads/ HTTP/1.1" 429 72
WARNING 2026-01-07 15:35:51,956 basehttp 28276 16600 "GET /api/main/books-news/ HTTP/1.1" 429 72
WARNING 2026-01-07 15:37:09,136 log 28276 16600 Too Many Requests: /api/website-advertising/advertisements/main_page_ads/
WARNING 2026-01-07 15:37:09,138 log 28276 15244 Too Many Requests: /api/main/books-news/
WARNING 2026-01-07 15:37:09,139 basehttp 28276 16600 "GET /api/website-advertising/advertisements/main_page_ads/ HTTP/1.1" 429 72
WARNING 2026-01-07 15:37:09,139 basehttp 28276 15244 "GET /api/main/books-news/ HTTP/1.1" 429 72
WARNING 2026-01-07 15:37:27,143 log 28276 15244 Too Many Requests: /api/website-advertising/advertisements/main_page_ads/
WARNING 2026-01-07 15:37:27,145 log 28276 16600 Too Many Requests: /api/main/books-news/
WARNING 2026-01-07 15:37:27,146 basehttp 28276 15244 "GET /api/website-advertising/advertisements/main_page_ads/ HTTP/1.1" 429 72
WARNING 2026-01-07 15:37:27,146 basehttp 28276 16600 "GET /api/main/books-news/ HTTP/1.1" 429 72
WARNING 2026-01-07 15:37:34,233 log 28276 16600 Too Many Requests: /api/website-advertising/advertisements/main_page_ads/
WARNING 2026-01-07 15:37:34,235 log 28276 15244 Too Many Requests: /api/main/books-news/
WARNING 2026-01-07 15:37:34,236 basehttp 28276 16600 "GET /api/website-advertising/advertisements/main_page_ads/ HTTP/1.1" 429 72
WARNING 2026-01-07 15:37:34,236 basehttp 28276 15244 "GET /api/main/books-news/ HTTP/1.1" 429 72
WARNING 2026-01-07 15:37:46,615 log 28276 15244 Too Many Requests: /api/website-advertising/advertisements/main_page_ads/
WARNING 2026-01-07 15:37:46,617 log 28276 16600 Too Many Requests: /api/main/books-news/
WARNING 2026-01-07 15:37:46,618 basehttp 28276 16600 "GET /api/main/books-news/ HTTP/1.1" 429 72
WARNING 2026-01-07 15:37:46,618 basehttp 28276 15244 "GET /api/website-advertising/advertisements/main_page_ads/ HTTP/1.1" 429 72
WARNING 2026-01-07 15:49:32,979 log 28276 10864 Too Many Requests: /api/website-advertising/advertisements/main_page_ads/
WARNING 2026-01-07 15:49:32,981 log 28276 27784 Too Many Requests: /api/main/books-news/
WARNING 2026-01-07 15:49:32,981 basehttp 28276 10864 "GET /api/website-advertising/advertisements/main_page_ads/ HTTP/1.1" 429 72
WARNING 2026-01-07 15:49:32,982 basehttp 28276 27784 "GET /api/main/books-news/ HTTP/1.1" 429 72
WARNING 2026-01-07 15:49:33,991 log 28276 27784 Too Many Requests: /api/website-advertising/advertisements/main_page_ads/
WARNING 2026-01-07 15:49:33,992 log 28276 10864 Too Many Requests: /api/main/books-news/
WARNING 2026-01-07 15:49:33,992 basehttp 28276 27784 "GET /api/website-advertising/advertisements/main_page_ads/ HTTP/1.1" 429 72
WARNING 2026-01-07 15:49:33,992 basehttp 28276 10864 "GET /api/main/books-news/ HTTP/1.1" 429 72
WARNING 2026-01-07 15:49:37,079 log 28276 10864 Too Many Requests: /api/website-advertising/advertisements/main_page_ads/
WARNING 2026-01-07 15:49:37,081 log 28276 27784 Too Many Requests: /api/main/books-news/
WARNING 2026-01-07 15:49:37,081 basehttp 28276 10864 "GET /api/website-advertising/advertisements/main_page_ads/ HTTP/1.1" 429 72
WARNING 2026-01-07 15:49:37,082 basehttp 28276 27784 "GET /api/main/books-news/ HTTP/1.1" 429 72
WARNING 2026-01-07 15:50:42,921 log 28276 27784 Too Many Requests: /api/website-advertising/advertisements/main_page_ads/
WARNING 2026-01-07 15:50:42,922 log 28276 10864 Too Many Requests: /api/main/books-news/
WARNING 2026-01-07 15:50:42,923 basehttp 28276 10864 "GET /api/main/books-news/ HTTP/1.1" 429 72
WARNING 2026-01-07 15:50:42,923 basehttp 28276 27784 "GET /api/website-advertising/advertisements/main_page_ads/ HTTP/1.1" 429 72
WARNING 2026-01-07 15:50:47,696 log 28276 27784 Too Many Requests: /api/website-advertising/advertisements/main_page_ads/
WARNING 2026-01-07 15:50:47,698 log 28276 10864 Too Many Requests: /api/main/books-news/
WARNING 2026-01-07 15:50:47,699 basehttp 28276 27784 "GET /api/website-advertising/advertisements/main_page_ads/ HTTP/1.1" 429 72
WARNING 2026-01-07 15:50:47,699 basehttp 28276 10864 "GET /api/main/books-news/ HTTP/1.1" 429 72
WARNING 2026-01-07 15:50:48,728 log 28276 10864 Too Many Requests: /api/website-advertising/advertisements/main_page_ads/
WARNING 2026-01-07 15:50:48,729 log 28276 27784 Too Many Requests: /api/main/books-news/
WARNING 2026-01-07 15:50:48,729 basehttp 28276 10864 "GET /api/website-advertising/advertisements/main_page_ads/ HTTP/1.1" 429 72
WARNING 2026-01-07 15:50:48,729 basehttp 28276 27784 "GET /api/main/books-news/ HTTP/1.1" 429 72
INFO 2026-01-07 19:37:56,275 autoreload 1896 8124 Watching for file changes with StatReloader
INFO 2026-01-07 19:48:02,879 autoreload 1896 8124 D:\Website\Обучение дизайна\Fan-vers\backend\apps\navigation\migrations\0001_initial.py changed, reloading.
INFO 2026-01-07 19:51:58,043 autoreload 1580 15292 Watching for file changes with StatReloader
INFO 2026-01-07 22:11:04,754 basehttp 1580 17288 "GET /admin/login/?next=/admin/catalog/book/ HTTP/1.1" 200 4187
WARNING 2026-01-07 22:11:05,003 log 1580 1936 Not Found: /favicon.ico
WARNING 2026-01-07 22:11:05,003 basehttp 1580 1936 "GET /favicon.ico HTTP/1.1" 404 3849
WARNING 2026-01-07 23:20:15,023 log 1580 33320 Not Found: /Invitation/Z9keiY2_alt_/
WARNING 2026-01-07 23:20:15,025 basehttp 1580 33320 "GET /Invitation/Z9keiY2_alt_/ HTTP/1.1" 404 3888
WARNING 2026-01-07 23:20:15,068 log 1580 33320 Not Found: /favicon.ico
WARNING 2026-01-07 23:20:15,068 basehttp 1580 33320 "GET /favicon.ico HTTP/1.1" 404 3849
INFO 2026-01-08 16:09:08,240 basehttp 1580 4044 "GET /admin/login/?next=/admin/catalog/book/ HTTP/1.1" 200 4187
WARNING 2026-01-08 16:09:09,097 log 1580 23660 Not Found: /favicon.ico
WARNING 2026-01-08 16:09:09,097 basehttp 1580 23660 "GET /favicon.ico HTTP/1.1" 404 3849
INFO 2026-01-15 18:16:31,270 basehttp 1580 16604 "GET /admin/login/?next=/admin/catalog/book/ HTTP/1.1" 200 4187
WARNING 2026-01-15 18:16:31,683 log 1580 20632 Not Found: /favicon.ico
WARNING 2026-01-15 18:16:31,683 basehttp 1580 20632 "GET /favicon.ico HTTP/1.1" 404 3849
INFO 2026-01-15 20:10:18,430 basehttp 1580 12024 "GET /admin/login/?next=/admin/catalog/book/ HTTP/1.1" 200 4187
WARNING 2026-01-15 20:10:18,933 log 1580 18144 Not Found: /favicon.ico
WARNING 2026-01-15 20:10:18,933 basehttp 1580 18144 "GET /favicon.ico HTTP/1.1" 404 3849
INFO 2026-01-17 12:17:42,681 autoreload 1368 38384 Watching for file changes with StatReloader
